nohup: ignoring input
[13:30:44] ============================================================
[13:30:44] CLIP     : Insta360_Clip3_489frames
[13:30:44] DESC     : Venice (489-series, 83 frames)
[13:30:44] Root     : /data1/avilasha2/overmaps/vggt_outputs_insta360/Insta360_Clip3_489frames
[13:30:44] ============================================================
[13:30:44] STEP 0: equirectangular -> perspective crop conversion
[13:30:44]   Converting 83 equirectangular frames -> 1024x1024 perspective crops
[13:30:44]   FoV=90° yaw=0° pitch=0°
[13:30:50]   Converted 83/83 frames -> /data1/avilasha2/overmaps/vggt_outputs_insta360/Insta360_Clip3_489frames/perspective_images
[13:30:50] STEP 1: main.py — VGGT + DEM + submap dump
[13:30:50] CMD: /home/avilasha2/scratch/conda/envs/vggt-slam/bin/python3 main.py --image_folder /data1/avilasha2/overmaps/vggt_outputs_insta360/Insta360_Clip3_489frames/perspective_images --vggt_ckpt /home/avilasha2/scratch/caches/torch/hub/checkpoints/model.pt --submap_size 32 --overlapping_window_size 1 --min_disparity 40 --use_sim3 --global_dem_out_dir /data1/avilasha2/overmaps/vggt_outputs_insta360/Insta360_Clip3_489frames --global_target_px 90000 --global_tile_px 4096 --global_reducer softmax --global_softmax_tau 0.02 --global_cycle_m 0.001 --global_edge_strength 0.95 --global_shade_strength 0.70 --global_dark_level 0.09 --global_unsharp_radius 1.0 --global_unsharp_amount 0.8 --global_clahe_clip 2.0 --global_clahe_grid 8 --log_results --skip_dense_log --dump_submaps --make_global_dem_tiled --log_path /data1/avilasha2/overmaps/vggt_outputs_insta360/Insta360_Clip3_489frames/poses_vanilla.txt
[13:46:26] STEP 1 done. Submaps: 2
[13:46:26] STEP 2: backend_watch — chip + DINOv2 embed
[13:46:26]   backend_watch PID=1058917 | target: 2 submaps
[13:50:26]   backend_watch: 1/2 embedded
[13:52:56]   backend_watch: 2/2 embedded
[13:52:56]   backend_watch: ALL done. Terminating.
[13:53:01]   backend_watch terminated.
[13:53:01] STEP 2 done. 2/2 embedded.
[13:53:01] STEP 3: embed_global_tiles.py
[13:53:01] CMD: /home/avilasha2/scratch/conda/envs/vggt-slam/bin/python3 vggt_slam/tools/embed_global_tiles.py --root /data1/avilasha2/overmaps/vggt_outputs_insta360/Insta360_Clip3_489frames --dino-model facebook/dinov2-base --mode resize --max-edge 1536 --overwrite
[13:56:22] STEP 4: faiss_global_index.py
[13:56:22] CMD: /home/avilasha2/scratch/conda/envs/vggt-slam/bin/python3 vggt_slam/tools/faiss_global_index.py --root /data1/avilasha2/overmaps/vggt_outputs_insta360/Insta360_Clip3_489frames --index hnsw --hnsw-M 32 --hnsw-efC 200
[13:56:23] STEP 5a: build_tile_owners.py
[13:56:23] CMD: /home/avilasha2/scratch/conda/envs/vggt-slam/bin/python3 vggt_slam/tools/build_tile_owners.py --root /data1/avilasha2/overmaps/vggt_outputs_insta360/Insta360_Clip3_489frames --overwrite
[13:56:23] STEP 5b: vis_submap_ownership.py
[13:56:23] CMD: /home/avilasha2/scratch/conda/envs/vggt-slam/bin/python3 vggt_slam/tools/vis_submap_ownership.py --root /data1/avilasha2/overmaps/vggt_outputs_insta360/Insta360_Clip3_489frames --alpha 0.35 --grid
[13:56:23] STEP 5c: run_batch_submaps.sh
[13:56:23] CMD: bash vggt_slam/tools/run_batch_submaps.sh /data1/avilasha2/overmaps/vggt_outputs_insta360/Insta360_Clip3_489frames 0 20 --dino facebook/dinov2-base --faiss hnsw --match-topk 20 --vote-topn 10 --vote-pad 0 --vpr-clusters 64 --vpr-topk 50 --max-edge 1024 --force --update-loop-votes --per-chip-topk 7 --topn-loop 7
[13:57:55]   WARNING: exited 1
[13:57:55] STEP 6: patch loop_closure.py + optimised trajectory
[13:57:55] CMD: /home/avilasha2/scratch/conda/envs/vggt-slam/bin/python3 main.py --image_folder /data1/avilasha2/overmaps/vggt_outputs_insta360/Insta360_Clip3_489frames/perspective_images --vggt_ckpt /home/avilasha2/scratch/caches/torch/hub/checkpoints/model.pt --submap_size 32 --overlapping_window_size 1 --min_disparity 40 --use_sim3 --global_dem_out_dir /data1/avilasha2/overmaps/vggt_outputs_insta360/Insta360_Clip3_489frames --global_target_px 90000 --global_tile_px 4096 --global_reducer softmax --global_softmax_tau 0.02 --global_cycle_m 0.001 --global_edge_strength 0.95 --global_shade_strength 0.70 --global_dark_level 0.09 --global_unsharp_radius 1.0 --global_unsharp_amount 0.8 --global_clahe_clip 2.0 --global_clahe_grid 8 --log_results --skip_dense_log --use_sim3 --max_loops 7 --log_path /data1/avilasha2/overmaps/vggt_outputs_insta360/Insta360_Clip3_489frames/poses.txt
[13:58:55]   [restore] loop_closure.py restored
[13:58:55] STEP 6 done. poses.txt: 66 lines
[13:58:55] CLIP COMPLETE: Insta360_Clip3_489frames
[13:58:55] ============================================================
✓ Insta360_Clip3_489frames

All done.
